// Vitest Snapshot v1, https://vitest.dev/guide/snapshot.html

exports[`Index > should render correctly 1`] = `"<div>Index page, path: /123, /bob</div>"`;
